// Jest Snapshot v1, https://goo.gl/fbAQLP

exports[`Test HomePageStyles should contain the styles HomeContainer 1`] = `
.c0 {
  padding: 2rem 1rem;
  overflow: hidden;
}

<div
  className="c0 container"
/>
`;

exports[`Test HomePageStyles should contain the styles StyledCol 1`] = `
.c0 {
  display: flex;
  justify-content: center;
}

<div
  className="c0 col"
/>
`;

exports[`Test HomePageStyles should contain the styles StyledRow 1`] = `
.c0 {
  row-gap: 2rem;
}

<div
  className="c0 row"
/>
`;
