// Jest Snapshot v1, https://goo.gl/fbAQLP

exports[`Test Home Page should be display properties cards 1`] = `
<div>
  <div
    class="sc-jSwlEQ ePyzur container"
    data-testid="homePage"
  >
    <div
      class="sc-gKHVLF eEIIgr row"
    >
      <div
        class="sc-iBAaJG clwkyP col-xxl-3 col-lg-4 col-md-6 col-12"
      >
        <a
          data-testid="propertyLink"
          href="/property/1"
        >
          <div
            class="sc-bcPKhP bZwkZu card"
            data-testid="propertyCard"
          >
            <img
              alt="property Test Property"
              class="card-img-top sc-grXZZQ dsaGvy"
              src="test.jpg"
            />
            <div
              class="card-body"
            >
              <div
                class="card-title h5"
                data-testid="cardTitle"
              >
                Test Property
              </div>
              <div
                class="card-subtitle h6"
                data-testid="cardPrice"
              >
                $100.00
              </div>
              <p
                class="card-text"
                data-testid="cardAddress"
              >
                123 Test St
              </p>
            </div>
          </div>
        </a>
      </div>
    </div>
  </div>
</div>
`;
