// Jest Snapshot v1, https://goo.gl/fbAQLP

exports[`Test PropertyItemStyles Check StyledCart styles 1`] = `
.c0 {
  height: 20rem;
  overflow: hidden;
}

<div
  className="c0 card"
/>
`;

exports[`Test PropertyItemStyles Check StyledImage styles 1`] = `
.c0 {
  height: 10rem;
  width: 100%;
  object-fit: cover;
  transition: transform 0.25s;
}

.c0:hover {
  transform: scale(1.05);
}

<img
  className="card-img c0"
/>
`;
