// Jest Snapshot v1, https://goo.gl/fbAQLP

exports[`Test PropertyPageStyles should contain the styles PropertyContainer 1`] = `
.c0 {
  padding-top: 2rem;
  padding-bottom: 2rem;
}

<div
  className="c0 container"
/>
`;

exports[`Test PropertyPageStyles should contain the styles StyledButton 1`] = `
.c0 {
  width: 10rem;
  margin-bottom: 2rem;
}

<button
  className="c0 btn btn-primary"
  disabled={false}
  type="button"
/>
`;

exports[`Test PropertyPageStyles should contain the styles StyledImage 1`] = `
.c0 {
  width: 100%;
  max-height: 30rem;
  overflow: hidden;
}

<img
  className="c0"
/>
`;
